Archive member included because of file (symbol)

.\libcan.a(mcp2515.o)         build/main.o (can_init)
.\libcan.a(mcp2515_buffer.o)  build/main.o (can_check_message)
.\libcan.a(mcp2515_get_message.o)
                              build/main.o (can_get_message)
.\libcan.a(mcp2515_send_message.o)
                              build/main.o (can_send_message)
.\libcan.a(mcp2515_static_filter.o)
                              build/main.o (can_static_filter)
.\libcan.a(mcp2515_write_id.o)
                              .\libcan.a(mcp2515_send_message.o) (mcp2515_write_id)
.\libcan.a(mcp2515_read_id.o)
                              .\libcan.a(mcp2515_get_message.o) (mcp2515_read_id)
.\libcan.a(spi.o)             .\libcan.a(mcp2515.o) (mcp2515_spi_init)
c:/winavr-20100110/bin/../lib/gcc/avr/4.3.3/avr5\libgcc.a(_exit.o)
                              c:/winavr-20100110/bin/../lib/gcc/avr/4.3.3/../../../../avr/lib/avr5/crtm32.o (exit)

Memory Configuration

Name             Origin             Length             Attributes
text             0x00000000         0x00020000         xr
data             0x00800060         0x0000ffa0         rw !x
eeprom           0x00810000         0x00010000         rw !x
fuse             0x00820000         0x00000400         rw !x
lock             0x00830000         0x00000400         rw !x
signature        0x00840000         0x00000400         rw !x
*default*        0x00000000         0xffffffff

Linker script and memory map

LOAD c:/winavr-20100110/bin/../lib/gcc/avr/4.3.3/../../../../avr/lib/avr5/crtm32.o
LOAD build/main.o
LOAD c:/winavr-20100110/bin/../lib/gcc/avr/4.3.3/../../../../avr/lib/avr5\libm.a
LOAD .\libcan.a
LOAD c:/winavr-20100110/bin/../lib/gcc/avr/4.3.3/avr5\libgcc.a
LOAD c:/winavr-20100110/bin/../lib/gcc/avr/4.3.3/../../../../avr/lib/avr5\libc.a
LOAD c:/winavr-20100110/bin/../lib/gcc/avr/4.3.3/avr5\libgcc.a

.hash
 *(.hash)

.dynsym
 *(.dynsym)

.dynstr
 *(.dynstr)

.gnu.version
 *(.gnu.version)

.gnu.version_d
 *(.gnu.version_d)

.gnu.version_r
 *(.gnu.version_r)

.rel.init
 *(.rel.init)

.rela.init
 *(.rela.init)

.rel.text
 *(.rel.text)
 *(.rel.text.*)
 *(.rel.gnu.linkonce.t*)

.rela.text
 *(.rela.text)
 *(.rela.text.*)
 *(.rela.gnu.linkonce.t*)

.rel.fini
 *(.rel.fini)

.rela.fini
 *(.rela.fini)

.rel.rodata
 *(.rel.rodata)
 *(.rel.rodata.*)
 *(.rel.gnu.linkonce.r*)

.rela.rodata
 *(.rela.rodata)
 *(.rela.rodata.*)
 *(.rela.gnu.linkonce.r*)

.rel.data
 *(.rel.data)
 *(.rel.data.*)
 *(.rel.gnu.linkonce.d*)

.rela.data
 *(.rela.data)
 *(.rela.data.*)
 *(.rela.gnu.linkonce.d*)

.rel.ctors
 *(.rel.ctors)

.rela.ctors
 *(.rela.ctors)

.rel.dtors
 *(.rel.dtors)

.rela.dtors
 *(.rela.dtors)

.rel.got
 *(.rel.got)

.rela.got
 *(.rela.got)

.rel.bss
 *(.rel.bss)

.rela.bss
 *(.rela.bss)

.rel.plt
 *(.rel.plt)

.rela.plt
 *(.rela.plt)

.text           0x00000000      0x590
 *(.vectors)
 .vectors       0x00000000       0x54 c:/winavr-20100110/bin/../lib/gcc/avr/4.3.3/../../../../avr/lib/avr5/crtm32.o
                0x00000000                __vectors
                0x00000000                __vector_default
 *(.vectors)
 *(.progmem.gcc*)
 *(.progmem*)
 .progmem.data  0x00000054       0x20 build/main.o
                0x00000054                can_filter
 .progmem.data  0x00000074       0x18 .\libcan.a(mcp2515.o)
                0x00000074                _mcp2515_cnf
                0x0000008c                . = ALIGN (0x2)
                0x0000008c                __trampolines_start = .
 *(.trampolines)
 .trampolines   0x0000008c        0x0 linker stubs
 *(.trampolines*)
                0x0000008c                __trampolines_end = .
 *(.jumptables)
 *(.jumptables*)
 *(.lowtext)
 *(.lowtext*)
                0x0000008c                __ctors_start = .
 *(.ctors)
                0x0000008c                __ctors_end = .
                0x0000008c                __dtors_start = .
 *(.dtors)
                0x0000008c                __dtors_end = .
 SORT(*)(.ctors)
 SORT(*)(.dtors)
 *(.init0)
 .init0         0x0000008c        0x0 c:/winavr-20100110/bin/../lib/gcc/avr/4.3.3/../../../../avr/lib/avr5/crtm32.o
                0x0000008c                __init
 *(.init0)
 *(.init1)
 *(.init1)
 *(.init2)
 .init2         0x0000008c        0xc c:/winavr-20100110/bin/../lib/gcc/avr/4.3.3/../../../../avr/lib/avr5/crtm32.o
 *(.init2)
 *(.init3)
 *(.init3)
 *(.init4)
 *(.init4)
 *(.init5)
 *(.init5)
 *(.init6)
 *(.init6)
 *(.init7)
 *(.init7)
 *(.init8)
 *(.init8)
 *(.init9)
 .init9         0x00000098        0x8 c:/winavr-20100110/bin/../lib/gcc/avr/4.3.3/../../../../avr/lib/avr5/crtm32.o
 *(.init9)
 *(.text)
 .text          0x000000a0        0x4 c:/winavr-20100110/bin/../lib/gcc/avr/4.3.3/../../../../avr/lib/avr5/crtm32.o
                0x000000a0                __vector_1
                0x000000a0                __vector_12
                0x000000a0                __bad_interrupt
                0x000000a0                __vector_6
                0x000000a0                __vector_3
                0x000000a0                __vector_11
                0x000000a0                __vector_13
                0x000000a0                __vector_17
                0x000000a0                __vector_19
                0x000000a0                __vector_7
                0x000000a0                __vector_5
                0x000000a0                __vector_4
                0x000000a0                __vector_9
                0x000000a0                __vector_2
                0x000000a0                __vector_15
                0x000000a0                __vector_8
                0x000000a0                __vector_14
                0x000000a0                __vector_10
                0x000000a0                __vector_16
                0x000000a0                __vector_18
                0x000000a0                __vector_20
 .text          0x000000a4       0x90 build/main.o
                0x000000a4                main
 .text          0x00000134      0x148 .\libcan.a(mcp2515.o)
                0x000001b6                can_init
                0x00000174                mcp2515_read_register
                0x00000144                mcp2515_bit_modify
                0x00000134                mcp2515_read_status
                0x00000192                mcp2515_write_register
 .text          0x0000027c       0x20 .\libcan.a(mcp2515_buffer.o)
                0x00000288                can_check_free_buffer
                0x0000027c                can_check_message
 .text          0x0000029c       0xb6 .\libcan.a(mcp2515_get_message.o)
                0x0000029c                can_get_message
 .text          0x00000352       0xa0 .\libcan.a(mcp2515_send_message.o)
                0x00000352                can_send_message
 .text          0x000003f2       0x78 .\libcan.a(mcp2515_static_filter.o)
                0x000003f2                can_static_filter
 .text          0x0000046a       0x74 .\libcan.a(mcp2515_write_id.o)
                0x0000046a                mcp2515_write_id
 .text          0x000004de       0x9a .\libcan.a(mcp2515_read_id.o)
                0x000004de                mcp2515_read_id
 .text          0x00000578       0x14 .\libcan.a(spi.o)
                0x00000578                mcp2515_spi_init
                0x00000582                spi_putc
 .text          0x0000058c        0x0 c:/winavr-20100110/bin/../lib/gcc/avr/4.3.3/avr5\libgcc.a(_exit.o)
                0x0000058c                . = ALIGN (0x2)
 *(.text.*)
 .text.libgcc   0x0000058c        0x0 c:/winavr-20100110/bin/../lib/gcc/avr/4.3.3/avr5\libgcc.a(_exit.o)
                0x0000058c                . = ALIGN (0x2)
 *(.fini9)
 .fini9         0x0000058c        0x0 c:/winavr-20100110/bin/../lib/gcc/avr/4.3.3/avr5\libgcc.a(_exit.o)
                0x0000058c                exit
                0x0000058c                _exit
 *(.fini9)
 *(.fini8)
 *(.fini8)
 *(.fini7)
 *(.fini7)
 *(.fini6)
 *(.fini6)
 *(.fini5)
 *(.fini5)
 *(.fini4)
 *(.fini4)
 *(.fini3)
 *(.fini3)
 *(.fini2)
 *(.fini2)
 *(.fini1)
 *(.fini1)
 *(.fini0)
 .fini0         0x0000058c        0x4 c:/winavr-20100110/bin/../lib/gcc/avr/4.3.3/avr5\libgcc.a(_exit.o)
 *(.fini0)
                0x00000590                _etext = .

.data           0x00800060        0x0 load address 0x00000590
                0x00800060                PROVIDE (__data_start, .)
 *(.data)
 .data          0x00800060        0x0 c:/winavr-20100110/bin/../lib/gcc/avr/4.3.3/../../../../avr/lib/avr5/crtm32.o
 .data          0x00800060        0x0 build/main.o
 .data          0x00800060        0x0 .\libcan.a(mcp2515.o)
 .data          0x00800060        0x0 .\libcan.a(mcp2515_buffer.o)
 .data          0x00800060        0x0 .\libcan.a(mcp2515_get_message.o)
 .data          0x00800060        0x0 .\libcan.a(mcp2515_send_message.o)
 .data          0x00800060        0x0 .\libcan.a(mcp2515_static_filter.o)
 .data          0x00800060        0x0 .\libcan.a(mcp2515_write_id.o)
 .data          0x00800060        0x0 .\libcan.a(mcp2515_read_id.o)
 .data          0x00800060        0x0 .\libcan.a(spi.o)
 .data          0x00800060        0x0 c:/winavr-20100110/bin/../lib/gcc/avr/4.3.3/avr5\libgcc.a(_exit.o)
 *(.data*)
 *(.rodata)
 *(.rodata*)
 *(.gnu.linkonce.d*)
                0x00800060                . = ALIGN (0x2)
                0x00800060                _edata = .
                0x00800060                PROVIDE (__data_end, .)

.bss            0x00800060        0x0
                0x00800060                PROVIDE (__bss_start, .)
 *(.bss)
 .bss           0x00800060        0x0 c:/winavr-20100110/bin/../lib/gcc/avr/4.3.3/../../../../avr/lib/avr5/crtm32.o
 .bss           0x00800060        0x0 build/main.o
 .bss           0x00800060        0x0 .\libcan.a(mcp2515.o)
 .bss           0x00800060        0x0 .\libcan.a(mcp2515_buffer.o)
 .bss           0x00800060        0x0 .\libcan.a(mcp2515_get_message.o)
 .bss           0x00800060        0x0 .\libcan.a(mcp2515_send_message.o)
 .bss           0x00800060        0x0 .\libcan.a(mcp2515_static_filter.o)
 .bss           0x00800060        0x0 .\libcan.a(mcp2515_write_id.o)
 .bss           0x00800060        0x0 .\libcan.a(mcp2515_read_id.o)
 .bss           0x00800060        0x0 .\libcan.a(spi.o)
 .bss           0x00800060        0x0 c:/winavr-20100110/bin/../lib/gcc/avr/4.3.3/avr5\libgcc.a(_exit.o)
 *(.bss*)
 *(COMMON)
                0x00800060                PROVIDE (__bss_end, .)
                0x00000590                __data_load_start = LOADADDR (.data)
                0x00000590                __data_load_end = (__data_load_start + SIZEOF (.data))

.noinit         0x00800060        0x0
                0x00800060                PROVIDE (__noinit_start, .)
 *(.noinit*)
                0x00800060                PROVIDE (__noinit_end, .)
                0x00800060                _end = .
                0x00800060                PROVIDE (__heap_start, .)

.eeprom         0x00810000        0x0
 *(.eeprom*)
                0x00810000                __eeprom_end = .

.fuse
 *(.fuse)
 *(.lfuse)
 *(.hfuse)
 *(.efuse)

.lock
 *(.lock*)

.signature
 *(.signature*)

.stab
 *(.stab)

.stabstr
 *(.stabstr)

.stab.excl
 *(.stab.excl)

.stab.exclstr
 *(.stab.exclstr)

.stab.index
 *(.stab.index)

.stab.indexstr
 *(.stab.indexstr)

.comment
 *(.comment)

.debug
 *(.debug)

.line
 *(.line)

.debug_srcinfo
 *(.debug_srcinfo)

.debug_sfnames
 *(.debug_sfnames)

.debug_aranges  0x00000000      0x120
 *(.debug_aranges)
 .debug_aranges
                0x00000000       0x20 build/main.o
 .debug_aranges
                0x00000020       0x20 .\libcan.a(mcp2515.o)
 .debug_aranges
                0x00000040       0x20 .\libcan.a(mcp2515_buffer.o)
 .debug_aranges
                0x00000060       0x20 .\libcan.a(mcp2515_get_message.o)
 .debug_aranges
                0x00000080       0x20 .\libcan.a(mcp2515_send_message.o)
 .debug_aranges
                0x000000a0       0x20 .\libcan.a(mcp2515_static_filter.o)
 .debug_aranges
                0x000000c0       0x20 .\libcan.a(mcp2515_write_id.o)
 .debug_aranges
                0x000000e0       0x20 .\libcan.a(mcp2515_read_id.o)
 .debug_aranges
                0x00000100       0x20 .\libcan.a(spi.o)

.debug_pubnames
                0x00000000      0x1f6
 *(.debug_pubnames)
 .debug_pubnames
                0x00000000       0x2a build/main.o
 .debug_pubnames
                0x0000002a       0x94 .\libcan.a(mcp2515.o)
 .debug_pubnames
                0x000000be       0x42 .\libcan.a(mcp2515_buffer.o)
 .debug_pubnames
                0x00000100       0x26 .\libcan.a(mcp2515_get_message.o)
 .debug_pubnames
                0x00000126       0x27 .\libcan.a(mcp2515_send_message.o)
 .debug_pubnames
                0x0000014d       0x28 .\libcan.a(mcp2515_static_filter.o)
 .debug_pubnames
                0x00000175       0x27 .\libcan.a(mcp2515_write_id.o)
 .debug_pubnames
                0x0000019c       0x26 .\libcan.a(mcp2515_read_id.o)
 .debug_pubnames
                0x000001c2       0x34 .\libcan.a(spi.o)

.debug_info     0x00000000      0xd8c
 *(.debug_info)
 .debug_info    0x00000000      0x1aa build/main.o
 .debug_info    0x000001aa      0x2d1 .\libcan.a(mcp2515.o)
 .debug_info    0x0000047b       0xb2 .\libcan.a(mcp2515_buffer.o)
 .debug_info    0x0000052d      0x181 .\libcan.a(mcp2515_get_message.o)
 .debug_info    0x000006ae      0x26c .\libcan.a(mcp2515_send_message.o)
 .debug_info    0x0000091a       0xfa .\libcan.a(mcp2515_static_filter.o)
 .debug_info    0x00000a14      0x13c .\libcan.a(mcp2515_write_id.o)
 .debug_info    0x00000b50      0x191 .\libcan.a(mcp2515_read_id.o)
 .debug_info    0x00000ce1       0xab .\libcan.a(spi.o)
 *(.gnu.linkonce.wi.*)

.debug_abbrev   0x00000000      0x815
 *(.debug_abbrev)
 .debug_abbrev  0x00000000      0x104 build/main.o
 .debug_abbrev  0x00000104      0x12e .\libcan.a(mcp2515.o)
 .debug_abbrev  0x00000232       0x7b .\libcan.a(mcp2515_buffer.o)
 .debug_abbrev  0x000002ad      0x10c .\libcan.a(mcp2515_get_message.o)
 .debug_abbrev  0x000003b9      0x173 .\libcan.a(mcp2515_send_message.o)
 .debug_abbrev  0x0000052c       0x9d .\libcan.a(mcp2515_static_filter.o)
 .debug_abbrev  0x000005c9       0xe8 .\libcan.a(mcp2515_write_id.o)
 .debug_abbrev  0x000006b1       0xe9 .\libcan.a(mcp2515_read_id.o)
 .debug_abbrev  0x0000079a       0x7b .\libcan.a(spi.o)

.debug_line     0x00000000      0xd20
 *(.debug_line)
 .debug_line    0x00000000      0x155 build/main.o
 .debug_line    0x00000155      0x31d .\libcan.a(mcp2515.o)
 .debug_line    0x00000472       0xc1 .\libcan.a(mcp2515_buffer.o)
 .debug_line    0x00000533      0x142 .\libcan.a(mcp2515_get_message.o)
 .debug_line    0x00000675      0x1ad .\libcan.a(mcp2515_send_message.o)
 .debug_line    0x00000822      0x163 .\libcan.a(mcp2515_static_filter.o)
 .debug_line    0x00000985      0x144 .\libcan.a(mcp2515_write_id.o)
 .debug_line    0x00000ac9      0x189 .\libcan.a(mcp2515_read_id.o)
 .debug_line    0x00000c52       0xce .\libcan.a(spi.o)

.debug_frame    0x00000000      0x180
 *(.debug_frame)
 .debug_frame   0x00000000       0x20 build/main.o
 .debug_frame   0x00000020       0x60 .\libcan.a(mcp2515.o)
 .debug_frame   0x00000080       0x30 .\libcan.a(mcp2515_buffer.o)
 .debug_frame   0x000000b0       0x20 .\libcan.a(mcp2515_get_message.o)
 .debug_frame   0x000000d0       0x20 .\libcan.a(mcp2515_send_message.o)
 .debug_frame   0x000000f0       0x20 .\libcan.a(mcp2515_static_filter.o)
 .debug_frame   0x00000110       0x20 .\libcan.a(mcp2515_write_id.o)
 .debug_frame   0x00000130       0x20 .\libcan.a(mcp2515_read_id.o)
 .debug_frame   0x00000150       0x30 .\libcan.a(spi.o)

.debug_str      0x00000000      0x3e2
 *(.debug_str)
 .debug_str     0x00000000      0x138 build/main.o
                                0x174 (size before relaxing)
 .debug_str     0x00000138      0x150 .\libcan.a(mcp2515.o)
                                0x1d1 (size before relaxing)
 .debug_str     0x00000288       0x39 .\libcan.a(mcp2515_buffer.o)
                                0x117 (size before relaxing)
 .debug_str     0x000002c1       0x2b .\libcan.a(mcp2515_get_message.o)
                                0x12d (size before relaxing)
 .debug_str     0x000002ec       0x4d .\libcan.a(mcp2515_send_message.o)
                                0x192 (size before relaxing)
 .debug_str     0x00000339       0x2a .\libcan.a(mcp2515_static_filter.o)
                                0x12a (size before relaxing)
 .debug_str     0x00000363       0x37 .\libcan.a(mcp2515_write_id.o)
                                0x11f (size before relaxing)
 .debug_str     0x0000039a       0x28 .\libcan.a(mcp2515_read_id.o)
                                0x11a (size before relaxing)
 .debug_str     0x000003c2       0x20 .\libcan.a(spi.o)
                                 0xf6 (size before relaxing)

.debug_loc      0x00000000      0x413
 *(.debug_loc)
 .debug_loc     0x00000000      0x177 .\libcan.a(mcp2515.o)
 .debug_loc     0x00000177       0xab .\libcan.a(mcp2515_get_message.o)
 .debug_loc     0x00000222       0x95 .\libcan.a(mcp2515_send_message.o)
 .debug_loc     0x000002b7       0x79 .\libcan.a(mcp2515_static_filter.o)
 .debug_loc     0x00000330       0x46 .\libcan.a(mcp2515_write_id.o)
 .debug_loc     0x00000376       0x8a .\libcan.a(mcp2515_read_id.o)
 .debug_loc     0x00000400       0x13 .\libcan.a(spi.o)

.debug_macinfo
 *(.debug_macinfo)
OUTPUT(can_testprogram.elf elf32-avr)
LOAD linker stubs

.debug_ranges   0x00000000       0x38
 .debug_ranges  0x00000000       0x18 build/main.o
 .debug_ranges  0x00000018       0x20 .\libcan.a(mcp2515.o)

Cross Reference Table

Symbol                                            File
__bad_interrupt                                   c:/winavr-20100110/bin/../lib/gcc/avr/4.3.3/../../../../avr/lib/avr5/crtm32.o
__heap_end                                        c:/winavr-20100110/bin/../lib/gcc/avr/4.3.3/../../../../avr/lib/avr5/crtm32.o
__init                                            c:/winavr-20100110/bin/../lib/gcc/avr/4.3.3/../../../../avr/lib/avr5/crtm32.o
__stack                                           c:/winavr-20100110/bin/../lib/gcc/avr/4.3.3/../../../../avr/lib/avr5/crtm32.o
__vector_1                                        c:/winavr-20100110/bin/../lib/gcc/avr/4.3.3/../../../../avr/lib/avr5/crtm32.o
__vector_10                                       c:/winavr-20100110/bin/../lib/gcc/avr/4.3.3/../../../../avr/lib/avr5/crtm32.o
__vector_11                                       c:/winavr-20100110/bin/../lib/gcc/avr/4.3.3/../../../../avr/lib/avr5/crtm32.o
__vector_12                                       c:/winavr-20100110/bin/../lib/gcc/avr/4.3.3/../../../../avr/lib/avr5/crtm32.o
__vector_13                                       c:/winavr-20100110/bin/../lib/gcc/avr/4.3.3/../../../../avr/lib/avr5/crtm32.o
__vector_14                                       c:/winavr-20100110/bin/../lib/gcc/avr/4.3.3/../../../../avr/lib/avr5/crtm32.o
__vector_15                                       c:/winavr-20100110/bin/../lib/gcc/avr/4.3.3/../../../../avr/lib/avr5/crtm32.o
__vector_16                                       c:/winavr-20100110/bin/../lib/gcc/avr/4.3.3/../../../../avr/lib/avr5/crtm32.o
__vector_17                                       c:/winavr-20100110/bin/../lib/gcc/avr/4.3.3/../../../../avr/lib/avr5/crtm32.o
__vector_18                                       c:/winavr-20100110/bin/../lib/gcc/avr/4.3.3/../../../../avr/lib/avr5/crtm32.o
__vector_19                                       c:/winavr-20100110/bin/../lib/gcc/avr/4.3.3/../../../../avr/lib/avr5/crtm32.o
__vector_2                                        c:/winavr-20100110/bin/../lib/gcc/avr/4.3.3/../../../../avr/lib/avr5/crtm32.o
__vector_20                                       c:/winavr-20100110/bin/../lib/gcc/avr/4.3.3/../../../../avr/lib/avr5/crtm32.o
__vector_3                                        c:/winavr-20100110/bin/../lib/gcc/avr/4.3.3/../../../../avr/lib/avr5/crtm32.o
__vector_4                                        c:/winavr-20100110/bin/../lib/gcc/avr/4.3.3/../../../../avr/lib/avr5/crtm32.o
__vector_5                                        c:/winavr-20100110/bin/../lib/gcc/avr/4.3.3/../../../../avr/lib/avr5/crtm32.o
__vector_6                                        c:/winavr-20100110/bin/../lib/gcc/avr/4.3.3/../../../../avr/lib/avr5/crtm32.o
__vector_7                                        c:/winavr-20100110/bin/../lib/gcc/avr/4.3.3/../../../../avr/lib/avr5/crtm32.o
__vector_8                                        c:/winavr-20100110/bin/../lib/gcc/avr/4.3.3/../../../../avr/lib/avr5/crtm32.o
__vector_9                                        c:/winavr-20100110/bin/../lib/gcc/avr/4.3.3/../../../../avr/lib/avr5/crtm32.o
__vector_default                                  c:/winavr-20100110/bin/../lib/gcc/avr/4.3.3/../../../../avr/lib/avr5/crtm32.o
__vectors                                         c:/winavr-20100110/bin/../lib/gcc/avr/4.3.3/../../../../avr/lib/avr5/crtm32.o
_exit                                             c:/winavr-20100110/bin/../lib/gcc/avr/4.3.3/avr5\libgcc.a(_exit.o)
_mcp2515_cnf                                      .\libcan.a(mcp2515.o)
can_check_free_buffer                             .\libcan.a(mcp2515_buffer.o)
can_check_message                                 .\libcan.a(mcp2515_buffer.o)
                                                  build/main.o
can_filter                                        build/main.o
can_get_message                                   .\libcan.a(mcp2515_get_message.o)
                                                  build/main.o
can_init                                          .\libcan.a(mcp2515.o)
                                                  build/main.o
can_send_message                                  .\libcan.a(mcp2515_send_message.o)
                                                  build/main.o
can_static_filter                                 .\libcan.a(mcp2515_static_filter.o)
                                                  build/main.o
exit                                              c:/winavr-20100110/bin/../lib/gcc/avr/4.3.3/avr5\libgcc.a(_exit.o)
                                                  c:/winavr-20100110/bin/../lib/gcc/avr/4.3.3/../../../../avr/lib/avr5/crtm32.o
main                                              build/main.o
                                                  c:/winavr-20100110/bin/../lib/gcc/avr/4.3.3/../../../../avr/lib/avr5/crtm32.o
mcp2515_bit_modify                                .\libcan.a(mcp2515.o)
                                                  .\libcan.a(mcp2515_static_filter.o)
                                                  .\libcan.a(mcp2515_get_message.o)
mcp2515_read_id                                   .\libcan.a(mcp2515_read_id.o)
                                                  .\libcan.a(mcp2515_get_message.o)
mcp2515_read_register                             .\libcan.a(mcp2515.o)
                                                  .\libcan.a(mcp2515_static_filter.o)
mcp2515_read_status                               .\libcan.a(mcp2515.o)
                                                  .\libcan.a(mcp2515_send_message.o)
                                                  .\libcan.a(mcp2515_get_message.o)
                                                  .\libcan.a(mcp2515_buffer.o)
mcp2515_spi_init                                  .\libcan.a(spi.o)
                                                  .\libcan.a(mcp2515.o)
mcp2515_write_id                                  .\libcan.a(mcp2515_write_id.o)
                                                  .\libcan.a(mcp2515_send_message.o)
mcp2515_write_register                            .\libcan.a(mcp2515.o)
                                                  .\libcan.a(mcp2515_static_filter.o)
spi_putc                                          .\libcan.a(spi.o)
                                                  .\libcan.a(mcp2515_read_id.o)
                                                  .\libcan.a(mcp2515_write_id.o)
                                                  .\libcan.a(mcp2515_static_filter.o)
                                                  .\libcan.a(mcp2515_send_message.o)
                                                  .\libcan.a(mcp2515_get_message.o)
                                                  .\libcan.a(mcp2515.o)
